2026-05-18 10:52:01 ERROR unhandled exception during request
Traceback (most recent call last):
  File "/var/www/app/.venv/lib/python3.12/site-packages/starlette/routing.py", line 72, in app
    response = await func(request)
  File "/var/www/app/.venv/lib/python3.12/site-packages/fastapi/routing.py", line 278, in app
    raw_response = await run_endpoint_function(
  File "/var/www/app/.venv/lib/python3.12/site-packages/fastapi/routing.py", line 191, in run_endpoint_function
    return await dependant.call(**values)
  File "/var/www/app/main.py", line 842, in admin_logs_download
    return PlainTextResponse(target.read_text(encoding="utf-8"))
  File "/usr/lib/python3.12/pathlib.py", line 1027, in read_text
    with self.open(mode='r', encoding=encoding, errors=errors) as f:
FileNotFoundError: [Errno 2] No such file or directory: '/var/www/app/logs/missing-audit.log'

Server: uvicorn
Framework: FastAPI 0.110.0
Python: 3.12.3
Database engine: SQLite
Database driver: Python sqlite3
Database file: /var/www/app/donaciones.db

2026-05-18 10:53:18 ERROR database health check failed
sqlite3.OperationalError: database is locked
SQLite connection target: /var/www/app/donaciones.db
